This is pdfTeX, Version 3.141592653-2.6-1.40.28 (TeX Live 2025) (preloaded format=pdflatex 2025.11.1)  9 OCT 2026 11:42
entering extended mode
 restricted \write18 enabled.
 %&-line parsing enabled.
**main.tex
(./main.tex
LaTeX2e <2025-06-01> patch level 1
L3 programming layer <2025-10-24>
(c:/Users/shahrear/AppData/Roaming/glassmorphic-latex-editor/TinyTeX/TinyTeX/texmf-dist/tex/latex/base/report.cls
Document Class: report 2025/01/22 v1.4n Standard LaTeX document class
(c:/Users/shahrear/AppData/Roaming/glassmorphic-latex-editor/TinyTeX/TinyTeX/texmf-dist/tex/latex/base/size12.clo
File: size12.clo 2025/01/22 v1.4n Standard LaTeX file (size option)
)
\c@part=\count275
\c@chapter=\count276
\c@section=\count277
\c@subsection=\count278
\c@subsubsection=\count279
\c@paragraph=\count280
\c@subparagraph=\count281
\c@figure=\count282
\c@table=\count283
\abovecaptionskip=\skip49
\belowcaptionskip=\skip50
\bibindent=\dimen148
) (c:/Users/shahrear/AppData/Roaming/glassmorphic-latex-editor/TinyTeX/TinyTeX/texmf-dist/tex/latex/geometry/geometry.sty
Package: geometry 2020/01/02 v5.9 Page Geometry
 (c:/Users/shahrear/AppData/Roaming/glassmorphic-latex-editor/TinyTeX/TinyTeX/texmf-dist/tex/latex/graphics/keyval.sty
Package: keyval 2022/05/29 v1.15 key=value parser (DPC)
\KV@toks@=\toks17
) (c:/Users/shahrear/AppData/Roaming/glassmorphic-latex-editor/TinyTeX/TinyTeX/texmf-dist/tex/generic/iftex/ifvtex.sty
Package: ifvtex 2019/10/25 v1.7 ifvtex legacy package. Use iftex instead.
 (c:/Users/shahrear/AppData/Roaming/glassmorphic-latex-editor/TinyTeX/TinyTeX/texmf-dist/tex/generic/iftex/iftex.sty
Package: iftex 2024/12/12 v1.0g TeX engine tests
))
\Gm@cnth=\count284
\Gm@cntv=\count285
\c@Gm@tempcnt=\count286
\Gm@bindingoffset=\dimen149
\Gm@wd@mp=\dimen150
\Gm@odd@mp=\dimen151
\Gm@even@mp=\dimen152
\Gm@layoutwidth=\dimen153
\Gm@layoutheight=\dimen154
\Gm@layouthoffset=\dimen155
\Gm@layoutvoffset=\dimen156
\Gm@dimlist=\toks18
) (c:/Users/shahrear/AppData/Roaming/glassmorphic-latex-editor/TinyTeX/TinyTeX/texmf-dist/tex/latex/psnfss/times.sty
Package: times 2020/03/25 PSNFSS-v9.3 (SPQR) 
) (c:/Users/shahrear/AppData/Roaming/glassmorphic-latex-editor/TinyTeX/TinyTeX/texmf-dist/tex/latex/base/fontenc.sty
Package: fontenc 2024/12/21 v2.1c Standard LaTeX package
LaTeX Font Info:    Trying to load font information for T1+ptm on input line 116.
 (c:/Users/shahrear/AppData/Roaming/glassmorphic-latex-editor/TinyTeX/TinyTeX/texmf-dist/tex/latex/psnfss/t1ptm.fd
File: t1ptm.fd 2001/06/04 font definitions for T1/ptm.
)) (c:/Users/shahrear/AppData/Roaming/glassmorphic-latex-editor/TinyTeX/TinyTeX/texmf-dist/tex/latex/base/inputenc.sty
Package: inputenc 2024/02/08 v1.3d Input encoding file
\inpenc@prehook=\toks19
\inpenc@posthook=\toks20
) (c:/Users/shahrear/AppData/Roaming/glassmorphic-latex-editor/TinyTeX/TinyTeX/texmf-dist/tex/latex/graphics/graphicx.sty
Package: graphicx 2024/12/31 v1.2e Enhanced LaTeX Graphics (DPC,SPQR)
 (c:/Users/shahrear/AppData/Roaming/glassmorphic-latex-editor/TinyTeX/TinyTeX/texmf-dist/tex/latex/graphics/graphics.sty
Package: graphics 2024/08/06 v1.4g Standard LaTeX Graphics (DPC,SPQR)
 (c:/Users/shahrear/AppData/Roaming/glassmorphic-latex-editor/TinyTeX/TinyTeX/texmf-dist/tex/latex/graphics/trig.sty
Package: trig 2023/12/02 v1.11 sin cos tan (DPC)
) (c:/Users/shahrear/AppData/Roaming/glassmorphic-latex-editor/TinyTeX/TinyTeX/texmf-dist/tex/latex/graphics-cfg/graphics.cfg
File: graphics.cfg 2016/06/04 v1.11 sample graphics configuration
)
Package graphics Info: Driver file: pdftex.def on input line 106.
 (c:/Users/shahrear/AppData/Roaming/glassmorphic-latex-editor/TinyTeX/TinyTeX/texmf-dist/tex/latex/graphics-def/pdftex.def
File: pdftex.def 2025/09/29 v1.2d Graphics/color driver for pdftex
))
\Gin@req@height=\dimen157
\Gin@req@width=\dimen158
) (c:/Users/shahrear/AppData/Roaming/glassmorphic-latex-editor/TinyTeX/TinyTeX/texmf-dist/tex/latex/amsmath/amsmath.sty
Package: amsmath 2025/06/16 v2.17y AMS math features
\@mathmargin=\skip51

For additional information on amsmath, use the `?' option.
(c:/Users/shahrear/AppData/Roaming/glassmorphic-latex-editor/TinyTeX/TinyTeX/texmf-dist/tex/latex/amsmath/amstext.sty
Package: amstext 2024/11/17 v2.01 AMS text
 (c:/Users/shahrear/AppData/Roaming/glassmorphic-latex-editor/TinyTeX/TinyTeX/texmf-dist/tex/latex/amsmath/amsgen.sty
File: amsgen.sty 1999/11/30 v2.0 generic functions
\@emptytoks=\toks21
\ex@=\dimen159
)) (c:/Users/shahrear/AppData/Roaming/glassmorphic-latex-editor/TinyTeX/TinyTeX/texmf-dist/tex/latex/amsmath/amsbsy.sty
Package: amsbsy 1999/11/29 v1.2d Bold Symbols
\pmbraise@=\dimen160
) (c:/Users/shahrear/AppData/Roaming/glassmorphic-latex-editor/TinyTeX/TinyTeX/texmf-dist/tex/latex/amsmath/amsopn.sty
Package: amsopn 2022/04/08 v2.04 operator names
)
\inf@bad=\count287
LaTeX Info: Redefining \frac on input line 233.
\uproot@=\count288
\leftroot@=\count289
LaTeX Info: Redefining \overline on input line 398.
LaTeX Info: Redefining \colon on input line 409.
\classnum@=\count290
\DOTSCASE@=\count291
LaTeX Info: Redefining \ldots on input line 495.
LaTeX Info: Redefining \dots on input line 498.
LaTeX Info: Redefining \cdots on input line 619.
\Mathstrutbox@=\box53
\strutbox@=\box54
LaTeX Info: Redefining \big on input line 721.
LaTeX Info: Redefining \Big on input line 722.
LaTeX Info: Redefining \bigg on input line 723.
LaTeX Info: Redefining \Bigg on input line 724.
\big@size=\dimen161
LaTeX Font Info:    Redeclaring font encoding OML on input line 742.
LaTeX Font Info:    Redeclaring font encoding OMS on input line 743.
\macc@depth=\count292
LaTeX Info: Redefining \bmod on input line 904.
LaTeX Info: Redefining \pmod on input line 909.
LaTeX Info: Redefining \smash on input line 939.
LaTeX Info: Redefining \relbar on input line 969.
LaTeX Info: Redefining \Relbar on input line 970.
\c@MaxMatrixCols=\count293
\dotsspace@=\muskip17
\c@parentequation=\count294
\dspbrk@lvl=\count295
\tag@help=\toks22
\row@=\count296
\column@=\count297
\maxfields@=\count298
\andhelp@=\toks23
\eqnshift@=\dimen162
\alignsep@=\dimen163
\tagshift@=\dimen164
\tagwidth@=\dimen165
\totwidth@=\dimen166
\lineht@=\dimen167
\@envbody=\toks24
\multlinegap=\skip52
\multlinetaggap=\skip53
\mathdisplay@stack=\toks25
LaTeX Info: Redefining \[ on input line 2949.
LaTeX Info: Redefining \] on input line 2950.
) (c:/Users/shahrear/AppData/Roaming/glassmorphic-latex-editor/TinyTeX/TinyTeX/texmf-dist/tex/latex/amsfonts/amssymb.sty
Package: amssymb 2013/01/14 v3.01 AMS font symbols
 (c:/Users/shahrear/AppData/Roaming/glassmorphic-latex-editor/TinyTeX/TinyTeX/texmf-dist/tex/latex/amsfonts/amsfonts.sty
Package: amsfonts 2013/01/14 v3.01 Basic AMSFonts support
\symAMSa=\mathgroup4
\symAMSb=\mathgroup5
LaTeX Font Info:    Redeclaring math symbol \hbar on input line 98.
LaTeX Font Info:    Overwriting math alphabet `\mathfrak' in version `bold'
(Font)                  U/euf/m/n --> U/euf/b/n on input line 106.
)) (c:/Users/shahrear/AppData/Roaming/glassmorphic-latex-editor/TinyTeX/TinyTeX/texmf-dist/tex/latex/setspace/setspace.sty
Package: setspace 2022/12/04 v6.7b set line spacing
) (c:/Users/shahrear/AppData/Roaming/glassmorphic-latex-editor/TinyTeX/TinyTeX/texmf-dist/tex/latex/psnfss/helvet.sty
Package: helvet 2020/03/25 PSNFSS-v9.3 (WaS) 
) (c:/Users/shahrear/AppData/Roaming/glassmorphic-latex-editor/TinyTeX/TinyTeX/texmf-dist/tex/latex/tools/array.sty
Package: array 2025/06/08 v2.6j Tabular extension package (FMi)
\col@sep=\dimen168
\ar@mcellbox=\box55
\extrarowheight=\dimen169
\NC@list=\toks26
\extratabsurround=\skip54
\backup@length=\skip55
\ar@cellbox=\box56
) (c:/Users/shahrear/AppData/Roaming/glassmorphic-latex-editor/TinyTeX/TinyTeX/texmf-dist/tex/latex/float/float.sty
Package: float 2001/11/08 v1.3d Float enhancements (AL)
\c@float@type=\count299
\float@exts=\toks27
\float@box=\box57
\@float@everytoks=\toks28
\@floatcapt=\box58
) (c:/Users/shahrear/AppData/Roaming/glassmorphic-latex-editor/TinyTeX/TinyTeX/texmf-dist/tex/latex/hyperref/hyperref.sty
Package: hyperref 2025-07-12 v7.01o Hypertext links for LaTeX
 (c:/Users/shahrear/AppData/Roaming/glassmorphic-latex-editor/TinyTeX/TinyTeX/texmf-dist/tex/latex/kvsetkeys/kvsetkeys.sty
Package: kvsetkeys 2022-10-05 v1.19 Key value parser (HO)
) (c:/Users/shahrear/AppData/Roaming/glassmorphic-latex-editor/TinyTeX/TinyTeX/texmf-dist/tex/generic/kvdefinekeys/kvdefinekeys.sty
Package: kvdefinekeys 2019-12-19 v1.6 Define keys (HO)
) (c:/Users/shahrear/AppData/Roaming/glassmorphic-latex-editor/TinyTeX/TinyTeX/texmf-dist/tex/generic/pdfescape/pdfescape.sty
Package: pdfescape 2019/12/09 v1.15 Implements pdfTeX's escape features (HO)
 (c:/Users/shahrear/AppData/Roaming/glassmorphic-latex-editor/TinyTeX/TinyTeX/texmf-dist/tex/generic/ltxcmds/ltxcmds.sty
Package: ltxcmds 2023-12-04 v1.26 LaTeX kernel commands for general use (HO)
) (c:/Users/shahrear/AppData/Roaming/glassmorphic-latex-editor/TinyTeX/TinyTeX/texmf-dist/tex/generic/pdftexcmds/pdftexcmds.sty
Package: pdftexcmds 2020-06-27 v0.33 Utility functions of pdfTeX for LuaTeX (HO)
 (c:/Users/shahrear/AppData/Roaming/glassmorphic-latex-editor/TinyTeX/TinyTeX/texmf-dist/tex/generic/infwarerr/infwarerr.sty
Package: infwarerr 2019/12/03 v1.5 Providing info/warning/error messages (HO)
)
Package pdftexcmds Info: \pdf@primitive is available.
Package pdftexcmds Info: \pdf@ifprimitive is available.
Package pdftexcmds Info: \pdfdraftmode found.
)) (c:/Users/shahrear/AppData/Roaming/glassmorphic-latex-editor/TinyTeX/TinyTeX/texmf-dist/tex/latex/hycolor/hycolor.sty
Package: hycolor 2020-01-27 v1.10 Color options for hyperref/bookmark (HO)
) (c:/Users/shahrear/AppData/Roaming/glassmorphic-latex-editor/TinyTeX/TinyTeX/texmf-dist/tex/latex/hyperref/nameref.sty
Package: nameref 2025-06-21 v2.57 Cross-referencing by name of section
 (c:/Users/shahrear/AppData/Roaming/glassmorphic-latex-editor/TinyTeX/TinyTeX/texmf-dist/tex/latex/refcount/refcount.sty
Package: refcount 2019/12/15 v3.6 Data extraction from label references (HO)
) (c:/Users/shahrear/AppData/Roaming/glassmorphic-latex-editor/TinyTeX/TinyTeX/texmf-dist/tex/generic/gettitlestring/gettitlestring.sty
Package: gettitlestring 2019/12/15 v1.6 Cleanup title references (HO)
 (c:/Users/shahrear/AppData/Roaming/glassmorphic-latex-editor/TinyTeX/TinyTeX/texmf-dist/tex/latex/kvoptions/kvoptions.sty
Package: kvoptions 2022-06-15 v3.15 Key value format for package options (HO)
))
\c@section@level=\count300
) (c:/Users/shahrear/AppData/Roaming/glassmorphic-latex-editor/TinyTeX/TinyTeX/texmf-dist/tex/latex/etoolbox/etoolbox.sty
Package: etoolbox 2025/10/02 v2.5m e-TeX tools for LaTeX (JAW)
\etb@tempcnta=\count301
) (c:/Users/shahrear/AppData/Roaming/glassmorphic-latex-editor/TinyTeX/TinyTeX/texmf-dist/tex/generic/stringenc/stringenc.sty
Package: stringenc 2019/11/29 v1.12 Convert strings between diff. encodings (HO)
)
\@linkdim=\dimen170
\Hy@linkcounter=\count302
\Hy@pagecounter=\count303
 (c:/Users/shahrear/AppData/Roaming/glassmorphic-latex-editor/TinyTeX/TinyTeX/texmf-dist/tex/latex/hyperref/pd1enc.def
File: pd1enc.def 2025-07-12 v7.01o Hyperref: PDFDocEncoding definition (HO)
Now handling font encoding PD1 ...
... no UTF-8 mapping file for font encoding PD1
) (c:/Users/shahrear/AppData/Roaming/glassmorphic-latex-editor/TinyTeX/TinyTeX/texmf-dist/tex/generic/intcalc/intcalc.sty
Package: intcalc 2019/12/15 v1.3 Expandable calculations with integers (HO)
)
\Hy@SavedSpaceFactor=\count304
 (c:/Users/shahrear/AppData/Roaming/glassmorphic-latex-editor/TinyTeX/TinyTeX/texmf-dist/tex/latex/hyperref/puenc.def
File: puenc.def 2025-07-12 v7.01o Hyperref: PDF Unicode definition (HO)
Now handling font encoding PU ...
... no UTF-8 mapping file for font encoding PU
)
Package hyperref Info: Hyper figures OFF on input line 4195.
Package hyperref Info: Link nesting OFF on input line 4200.
Package hyperref Info: Hyper index ON on input line 4203.
Package hyperref Info: Plain pages OFF on input line 4210.
Package hyperref Info: Backreferencing OFF on input line 4215.
Package hyperref Info: Implicit mode ON; LaTeX internals redefined.
Package hyperref Info: Bookmarks ON on input line 4462.
\c@Hy@tempcnt=\count305
 (c:/Users/shahrear/AppData/Roaming/glassmorphic-latex-editor/TinyTeX/TinyTeX/texmf-dist/tex/latex/url/url.sty
\Urlmuskip=\muskip18
Package: url 2013/09/16  ver 3.4  Verb mode for urls, etc.
)
LaTeX Info: Redefining \url on input line 4801.
\XeTeXLinkMargin=\dimen171
 (c:/Users/shahrear/AppData/Roaming/glassmorphic-latex-editor/TinyTeX/TinyTeX/texmf-dist/tex/generic/bitset/bitset.sty
Package: bitset 2019/12/09 v1.3 Handle bit-vector datatype (HO)
 (c:/Users/shahrear/AppData/Roaming/glassmorphic-latex-editor/TinyTeX/TinyTeX/texmf-dist/tex/generic/bigintcalc/bigintcalc.sty
Package: bigintcalc 2019/12/15 v1.5 Expandable calculations on big integers (HO)
))
\Fld@menulength=\count306
\Field@Width=\dimen172
\Fld@charsize=\dimen173
Package hyperref Info: Hyper figures OFF on input line 6078.
Package hyperref Info: Link nesting OFF on input line 6083.
Package hyperref Info: Hyper index ON on input line 6086.
Package hyperref Info: backreferencing OFF on input line 6093.
Package hyperref Info: Link coloring OFF on input line 6098.
Package hyperref Info: Link coloring with OCG OFF on input line 6103.
Package hyperref Info: PDF/A mode OFF on input line 6108.
\Hy@abspage=\count307
\c@Item=\count308
\c@Hfootnote=\count309
)
Package hyperref Info: Driver (autodetected): hpdftex.
 (c:/Users/shahrear/AppData/Roaming/glassmorphic-latex-editor/TinyTeX/TinyTeX/texmf-dist/tex/latex/hyperref/hpdftex.def
File: hpdftex.def 2025-07-12 v7.01o Hyperref driver for pdfTeX
\Fld@listcount=\count310
\c@bookmark@seq@number=\count311
 (c:/Users/shahrear/AppData/Roaming/glassmorphic-latex-editor/TinyTeX/TinyTeX/texmf-dist/tex/latex/rerunfilecheck/rerunfilecheck.sty
Package: rerunfilecheck 2025-06-21 v1.11 Rerun checks for auxiliary files (HO)
 (c:/Users/shahrear/AppData/Roaming/glassmorphic-latex-editor/TinyTeX/TinyTeX/texmf-dist/tex/generic/uniquecounter/uniquecounter.sty
Package: uniquecounter 2019/12/15 v1.4 Provide unlimited unique counter (HO)
)
Package uniquecounter Info: New unique counter `rerunfilecheck' on input line 284.
)
\Hy@SectionHShift=\skip56
) (c:/Users/shahrear/AppData/Roaming/glassmorphic-latex-editor/TinyTeX/TinyTeX/texmf-dist/tex/latex/l3backend/l3backend-pdftex.def
File: l3backend-pdftex.def 2025-10-09 L3 backend support: PDF output (pdfTeX)
\l__color_backend_stack_int=\count312
) (./main.aux)
\openout1 = `main.aux'.

LaTeX Font Info:    Checking defaults for OML/cmm/m/it on input line 91.
LaTeX Font Info:    ... okay on input line 91.
LaTeX Font Info:    Checking defaults for OMS/cmsy/m/n on input line 91.
LaTeX Font Info:    ... okay on input line 91.
LaTeX Font Info:    Checking defaults for OT1/cmr/m/n on input line 91.
LaTeX Font Info:    ... okay on input line 91.
LaTeX Font Info:    Checking defaults for T1/cmr/m/n on input line 91.
LaTeX Font Info:    ... okay on input line 91.
LaTeX Font Info:    Checking defaults for TS1/cmr/m/n on input line 91.
LaTeX Font Info:    ... okay on input line 91.
LaTeX Font Info:    Checking defaults for OMX/cmex/m/n on input line 91.
LaTeX Font Info:    ... okay on input line 91.
LaTeX Font Info:    Checking defaults for U/cmr/m/n on input line 91.
LaTeX Font Info:    ... okay on input line 91.
LaTeX Font Info:    Checking defaults for PD1/pdf/m/n on input line 91.
LaTeX Font Info:    ... okay on input line 91.
LaTeX Font Info:    Checking defaults for PU/pdf/m/n on input line 91.
LaTeX Font Info:    ... okay on input line 91.

*geometry* driver: auto-detecting
*geometry* detected driver: pdftex
*geometry* verbose mode - [ preamble ] result:
* driver: pdftex
* paper: a4paper
* layout: <same size as paper>
* layoutoffset:(h,v)=(0.0pt,0.0pt)
* modes: 
* h-part:(L,W,R)=(108.405pt, 416.83289pt, 72.26999pt)
* v-part:(T,H,B)=(72.26999pt, 700.50687pt, 72.26999pt)
* \paperwidth=597.50787pt
* \paperheight=845.04684pt
* \textwidth=416.83289pt
* \textheight=700.50687pt
* \oddsidemargin=36.13501pt
* \evensidemargin=36.13501pt
* \topmargin=-37.0pt
* \headheight=12.0pt
* \headsep=25.0pt
* \topskip=12.0pt
* \footskip=30.0pt
* \marginparwidth=35.0pt
* \marginparsep=10.0pt
* \columnsep=10.0pt
* \skip\footins=10.8pt plus 4.0pt minus 2.0pt
* \hoffset=0.0pt
* \voffset=0.0pt
* \mag=1000
* \@twocolumnfalse
* \@twosidefalse
* \@mparswitchfalse
* \@reversemarginfalse
* (1in=72.27pt=25.4mm, 1cm=28.453pt)

(c:/Users/shahrear/AppData/Roaming/glassmorphic-latex-editor/TinyTeX/TinyTeX/texmf-dist/tex/latex/epstopdf-pkg/epstopdf-base.sty
Package: epstopdf-base 2020-01-24 v2.11 Base part for package epstopdf
Package epstopdf-base Info: Redefining graphics rule for `.eps' on input line 485.
 (c:/Users/shahrear/AppData/Roaming/glassmorphic-latex-editor/TinyTeX/TinyTeX/texmf-dist/tex/latex/latexconfig/epstopdf-sys.cfg
File: epstopdf-sys.cfg 2010/07/13 v1.3 Configuration of (r)epstopdf for TeX Live
))
Package hyperref Info: Link coloring OFF on input line 91.
 (./main.out) (./main.out)
\@outlinefile=\write3
\openout3 = `main.out'.

LaTeX Font Info:    Trying to load font information for T1+phv on input line 98.
 (c:/Users/shahrear/AppData/Roaming/glassmorphic-latex-editor/TinyTeX/TinyTeX/texmf-dist/tex/latex/psnfss/t1phv.fd
File: t1phv.fd 2020/03/25 scalable font definitions for T1/phv.
)
<iiuc_logo.jpg, id=414, 228.855pt x 228.855pt>
File: iiuc_logo.jpg Graphic file (type jpg)
<use iiuc_logo.jpg>
Package pdftex.def Info: iiuc_logo.jpg  used on input line 114.
(pdftex.def)             Requested size: 99.58253pt x 85.35596pt.


[1

{c:/Users/shahrear/AppData/Roaming/glassmorphic-latex-editor/TinyTeX/TinyTeX/texmf-var/fonts/map/pdftex/updmap/pdftex.map}{c:/Users/shahrear/AppData/Roaming/glassmorphic-latex-editor/TinyTeX/TinyTeX/texmf-dist/fonts/enc/dvips/base/8r.enc} <./iiuc_logo.jpg>]

[2

]

[3

]

[4

]
LaTeX Font Info:    Trying to load font information for U+msa on input line 197.
 (c:/Users/shahrear/AppData/Roaming/glassmorphic-latex-editor/TinyTeX/TinyTeX/texmf-dist/tex/latex/amsfonts/umsa.fd
File: umsa.fd 2013/01/14 v3.01 AMS symbols A
)
LaTeX Font Info:    Trying to load font information for U+msb on input line 197.
 (c:/Users/shahrear/AppData/Roaming/glassmorphic-latex-editor/TinyTeX/TinyTeX/texmf-dist/tex/latex/amsfonts/umsb.fd
File: umsb.fd 2013/01/14 v3.01 AMS symbols B
)

[2


]

[3


]

[4


]

[5


]

[6] (./main.toc

[7


]

[8]

[9]
Overfull \hbox (11.01176pt too wide) in paragraph at lines 90--90
 [][] [][]\T1/ptm/m/n/12 Detailed Jus-ti-fi-ca-tion of Com-plex En-gi-neer-ing Prob-lem At-tributes 
 []



[10])
\tf@toc=\write4
\openout4 = `main.toc'.



[11] (./main.lof
Overfull \hbox (9.91785pt too wide) in paragraph at lines 8--8
 [][] [][]\T1/ptm/m/n/12 Basic Gate Dif-fu-sion In-put (GDI) cell struc-ture: (left) tran-sis-tor schematic 
 []


Overfull \hbox (2.39597pt too wide) in paragraph at lines 10--10
 [][] [][]\T1/ptm/m/n/12 Transistor-level cir-cuit of the pro-posed GDI-based 1-bit mag-ni-tude com- 
 []

)
\tf@lof=\write5
\openout5 = `main.lof'.



[12


] (./main.lot
Overfull \hbox (2.41975pt too wide) in paragraph at lines 17--17
 [][] [][]\T1/ptm/m/n/12 Measured per-for-mance pa-ram-e-ters of the Trans-mis-sion Gate Logic com- 
 []

)
\tf@lot=\write6
\openout6 = `main.lot'.



[13


]

[14]

[15


]

[16


]
Chapter 1.

Overfull \hbox (5.30144pt too wide) in paragraph at lines 376--377
[]\T1/ptm/m/n/12 As elec-tronic sys-tems per-me-ate mission-critical and energy-constrained do-mains,
 []




pdfTeX warning (ext4): destination with the same identifier (name{page.1}) has been already used, duplicate ignored
<to be read again> 
                   \relax 
l.380 \section
              {Semiconductor Evolution and the Low-Power Paradigm} [1


]
<moores_law_scaling.jpg, id=708, 331.4784pt x 185.0112pt>
File: moores_law_scaling.jpg Graphic file (type jpg)
<use moores_law_scaling.jpg>
Package pdftex.def Info: moores_law_scaling.jpg  used on input line 386.
(pdftex.def)             Requested size: 383.48549pt x 214.04288pt.



pdfTeX warning (ext4): destination with the same identifier (name{page.2}) has been already used, duplicate ignored
<to be read again> 
                   \relax 
l.394 
       [2 <./moores_law_scaling.jpg>]
<vlsi_design_flow.jpg, id=713, 289.08pt x 215.8464pt>
File: vlsi_design_flow.jpg Graphic file (type jpg)
<use vlsi_design_flow.jpg>
Package pdftex.def Info: vlsi_design_flow.jpg  used on input line 401.
(pdftex.def)             Requested size: 300.12018pt x 224.09949pt.



pdfTeX warning (ext4): destination with the same identifier (name{page.3}) has been already used, duplicate ignored
<to be read again> 
                   \relax 
l.407 
       [3 <./vlsi_design_flow.jpg>]
<comparator_block_diagram.jpg, id=718, 289.08pt x 215.8464pt>
File: comparator_block_diagram.jpg Graphic file (type jpg)
<use comparator_block_diagram.jpg>
Package pdftex.def Info: comparator_block_diagram.jpg  used on input line 414.
(pdftex.def)             Requested size: 229.25935pt x 171.17879pt.
LaTeX Font Info:    Trying to load font information for TS1+ptm on input line 428.
 (c:/Users/shahrear/AppData/Roaming/glassmorphic-latex-editor/TinyTeX/TinyTeX/texmf-dist/tex/latex/psnfss/ts1ptm.fd
File: ts1ptm.fd 2001/06/04 font definitions for TS1/ptm.
)


pdfTeX warning (ext4): destination with the same identifier (name{page.4}) has been already used, duplicate ignored
<to be read again> 
                   \relax 
l.429 \item \textbf
                   {Ultra-High-Speed Flash ADCs:} In flash analog-to-digital... [4 <./comparator_block_diagram.jpg>]

[5]

[6]
Overfull \hbox (1.2773pt too wide) in paragraph at lines 460--461
[]\T1/ptm/b/n/12 Transistor-Level SPICE Sim-u-la-tion: \T1/ptm/m/n/12 To ex-e-cute high-precision tran-sient SPICE
 []


Overfull \hbox (4.31403pt too wide) in paragraph at lines 460--461
\T1/ptm/m/n/12 sim-u-la-tions in LT-Spice uti-liz-ing the Berke-ley Pre-dic-tive Tech-nol-ogy Model (PTM)
 []



[7]

[8]

[9]
Overfull \hbox (0.43846pt too wide) in paragraph at lines 514--516
\T1/ptm/m/n/12 Presents tran-sient sim-u-la-tion wave-forms, func-tional ver-i-fi-ca-tion, tim-ing anal-y-ses, power
 []


Overfull \hbox (6.33101pt too wide) in paragraph at lines 514--516
\T1/ptm/m/n/12 dis-si-pa-tion mea-sure-ments, com-par-a-tive per-for-mance bench-mark-ing against CMOS, PTL,
 []


Overfull \hbox (1.60208pt too wide) in paragraph at lines 514--516
\T1/ptm/m/n/12 and TGL topolo-gies, multi-node scal-ing eval-u-a-tions, and com-par-isons with IEEE bench-
 []



[10]

[11]
Chapter 2.


[12

]

[13]

[14]
<mosfet_cross_section.jpg, id=794, 331.4784pt x 185.0112pt>
File: mosfet_cross_section.jpg Graphic file (type jpg)
<use mosfet_cross_section.jpg>
Package pdftex.def Info: mosfet_cross_section.jpg  used on input line 652.
(pdftex.def)             Requested size: 383.48549pt x 214.04288pt.


[15 <./mosfet_cross_section.jpg>]
Overfull \hbox (3.46365pt too wide) in paragraph at lines 664--666
\T1/ptm/m/n/12 An in-verted con-tin-u-ous chan-nel links source and drain. Op-er-at-ing as a voltage-controlled
 []



[16]
<cmos_inverter_vtc.jpg, id=808, 331.4784pt x 185.0112pt>
File: cmos_inverter_vtc.jpg Graphic file (type jpg)
<use cmos_inverter_vtc.jpg>
Package pdftex.def Info: cmos_inverter_vtc.jpg  used on input line 701.
(pdftex.def)             Requested size: 383.48549pt x 214.04288pt.


[17 <./cmos_inverter_vtc.jpg>]

[18]
Overfull \hbox (10.58965pt too wide) in paragraph at lines 757--758
[]\T1/ptm/b/n/12 Drain-Induced Bar-rier Low-er-ing (DIBL): \T1/ptm/m/n/12 High drain po-ten-tials lower the source-
 []


Overfull \hbox (2.53767pt too wide) in paragraph at lines 757--758
\T1/ptm/m/n/12 channel elec-tro-static bar-rier in short chan-nels, shift-ing the thresh-old volt-age down-
 []


Overfull \hbox (9.46059pt too wide) in paragraph at lines 773--786
 [][] 
 []



[19]

[20]
<gdi_cell_structure.jpg, id=840, 289.08pt x 215.8464pt>
File: gdi_cell_structure.jpg Graphic file (type jpg)
<use gdi_cell_structure.jpg>
Package pdftex.def Info: gdi_cell_structure.jpg  used on input line 825.
(pdftex.def)             Requested size: 300.12018pt x 224.09949pt.

Overfull \hbox (43.84972pt too wide) in paragraph at lines 837--854
 [][] 
 []



[21 <./gdi_cell_structure.jpg>]
Underfull \hbox (badness 10000) in paragraph at lines 881--881
[]|\T1/ptm/m/n/12 Output Volt-age
 []


Underfull \hbox (badness 10000) in paragraph at lines 889--889
[]|\T1/ptm/m/n/12 Silicon Lay-out
 []



[22]

[23]
Overfull \hbox (1.21085pt too wide) in paragraph at lines 943--944
\T1/ptm/m/n/12 tails sub-thresh-old leak-age cur-rent, the re-sult-ing prop-a-ga-tion de-lay of $\OT1/cmr/m/n/12 49\OML/cmm/m/it/12 :\OT1/cmr/m/n/12 38[]$ \T1/ptm/m/n/12 is severely
 []



[24]
Overfull \hbox (5.503pt too wide) in paragraph at lines 973--974
\T1/ptm/b/n/12 Critical Anal-y-sis and De-fi-cien-cies: \T1/ptm/m/n/12 The hy-brid de-sign achieves sub-nanosecond switch-
 []


Overfull \hbox (1.53624pt too wide) in paragraph at lines 973--974
\T1/ptm/m/n/12 ing la-tency, but its ac-tive power dis-si-pa-tion re-mains in the mi-crowatt regime ($\OT1/cmr/m/n/12 7\OML/cmm/m/it/12 :\OT1/cmr/m/n/12 792[]\OML/cmm/m/it/12 ^^V[]$\T1/ptm/m/n/12 ),
 []



[25]

[26]
Underfull \hbox (badness 10000) in paragraph at lines 1006--1006
[]|\T1/ptm/m/n/12 Static CMOS
 []


Underfull \hbox (badness 10000) in paragraph at lines 1008--1008
[]|\T1/ptm/m/n/12 MTCMOS +
 []


Underfull \hbox (badness 10000) in paragraph at lines 1012--1012
[]|\T1/ptm/m/n/12 PTL-GDI-TGL
 []


Overfull \hbox (61.1496pt too wide) in paragraph at lines 1002--1017
 [][] 
 []



[27]

[28]
Chapter 3.

Overfull \hbox (12.72664pt too wide) in paragraph at lines 1043--1044
\T1/ptm/m/n/12 This chap-ter presents the de-tailed re-search method-ol-ogy, cir-cuit de-sign prin-ci-ples, Boolean
 []



[29

]
Overfull \hbox (14.94633pt too wide) in paragraph at lines 1106--1107
[]\T1/ptm/b/n/12 Accuracy: \T1/ptm/m/n/12 LT-Spice em-ploys ad-vanced nu-mer-i-cal al-go-rithms and sup-ports BSIM3v3
 []



[30]
Overfull \hbox (21.90663pt too wide) in paragraph at lines 1115--1116
\T1/ptm/m/n/12 The Berke-ley Pre-dic-tive Tech-nol-ogy Model (PTM) is a stan-dard-ized set of BSIM3v3/BSIM4
 []



[31]

[32]
<my_Propose_GDI_Comparator.png, id=923, 758.835pt x 530.58224pt>
File: my_Propose_GDI_Comparator.png Graphic file (type png)
<use my_Propose_GDI_Comparator.png>
Package pdftex.def Info: my_Propose_GDI_Comparator.png  used on input line 1209.
(pdftex.def)             Requested size: 354.31049pt x 247.7383pt.


[33]
<Static_Comparator.png, id=931, 528.7755pt x 538.4115pt>
File: Static_Comparator.png Graphic file (type png)
<use Static_Comparator.png>
Package pdftex.def Info: Static_Comparator.png  used on input line 1227.
(pdftex.def)             Requested size: 325.12914pt x 331.0677pt.


[34 <./my_Propose_GDI_Comparator.png>]
<pass_comparator.png, id=938, 731.73375pt x 540.21825pt>
File: pass_comparator.png Graphic file (type png)
<use pass_comparator.png>
Package pdftex.def Info: pass_comparator.png  used on input line 1239.
(pdftex.def)             Requested size: 325.12914pt x 240.03778pt.


[35 <./Static_Comparator.png>]
Overfull \hbox (1.08598pt too wide) in paragraph at lines 1247--1248
\T1/ptm/m/n/12 Figure []3.4[] shows the 16-transistor TGL com-para-tor schematic, uti-liz-ing par-al-lel NMOS-
 []

<TG_comparator.png, id=945, 495.65175pt x 536.0025pt>
File: TG_comparator.png Graphic file (type png)
<use TG_comparator.png>
Package pdftex.def Info: TG_comparator.png  used on input line 1251.
(pdftex.def)             Requested size: 325.12914pt x 351.61174pt.


[36 <./pass_comparator.png>]

[37 <./TG_comparator.png>]

[38]

[39]

[40]
Chapter 4.


[41

]
Overfull \hbox (43.55496pt too wide) in paragraph at lines 1420--1437
 [][] 
 []



[42]
Overfull \hbox (43.55496pt too wide) in paragraph at lines 1455--1472
 [][] 
 []


Overfull \hbox (43.55496pt too wide) in paragraph at lines 1484--1501
 [][] 
 []



[43]
Overfull \hbox (43.55496pt too wide) in paragraph at lines 1513--1530
 [][] 
 []


Overfull \hbox (38.38591pt too wide) in paragraph at lines 1543--1564
 [][] 
 []



[44]
Overfull \hbox (4.17035pt too wide) in paragraph at lines 1570--1571
\T1/ptm/m/n/12 achieves a prop-a-ga-tion de-lay of 336.00 ps, out-per-form-ing static CMOS (398.09 ps)
 []



[45]
Underfull \hbox (badness 3199) in paragraph at lines 1607--1607
[]|\T1/ptm/m/n/12 Kumar & Ku-mar (2017) [1]
 []


Underfull \hbox (badness 10000) in paragraph at lines 1615--1615
[]|\T1/ptm/b/n/12 Proposed GDI Com-para-tor
 []



[46]
Overfull \hbox (35.01443pt too wide) in paragraph at lines 1620--1621
[]\T1/ptm/m/n/12 The pro-posed GDI com-para-tor achieves the low-est Power-Delay Prod-uct (0.0000114 fJ)
 []



[47]

[48]
Overfull \hbox (8.27448pt too wide) in paragraph at lines 1697--1698
\T1/ptm/m/n/12 This re-search aligns with sev-eral United Na-tions Sus-tain-able De-vel-op-ment Goals (SDGs): 
 []



[49]
Overfull \hbox (5.03777pt too wide) in paragraph at lines 1709--1710
[]\T1/ptm/m/n/12 The transistor-level de-sign, op-ti-miza-tion, and char-ac-ter-i-za-tion of the 10-transistor
 []



[50]
Overfull \hbox (6.6656pt too wide) in paragraph at lines 1719--1720
[]\T1/ptm/b/n/12 Solid-State Semi-con-duc-tor Physics: \T1/ptm/m/n/12 Ac-cu-rately mod-el-ing car-rier trans-port mech-
 []


Overfull \hbox (10.85371pt too wide) in paragraph at lines 1721--1722
[]\T1/ptm/b/n/12 Body-Effect Me-chan-ics in Floating-Source Topolo-gies: \T1/ptm/m/n/12 In stan-dard static CMOS,
 []


Overfull \hbox (15.2349pt too wide) in paragraph at lines 1726--1727
[]\T1/ptm/b/n/12 Advanced BSIM3v3 Com-pact De-vice Mod-el-ing: \T1/ptm/m/n/12 Ap-ply-ing the Berke-ley BSIM3v3
 []



[51]
Overfull \hbox (4.0509pt too wide) in paragraph at lines 1736--1737
[]\T1/ptm/b/n/12 Ultra-Low Power Dis-si-pa-tion vs. Prop-a-ga-tion De-lay: \T1/ptm/m/n/12 Low-er-ing dy-namic power
 []


Overfull \hbox (21.19102pt too wide) in paragraph at lines 1747--1748
[]\T1/ptm/b/n/12 Time-Domain In-te-gral Power For-mu-la-tion: \T1/ptm/m/n/12 In-stan-ta-neous sup-ply cur-rent $\OML/cmm/m/it/12 I\OT1/cmr/m/n/12 (\OML/cmm/m/it/12 V[]; t\OT1/cmr/m/n/12 )$
 []


Overfull \hbox (1.48235pt too wide) in paragraph at lines 1747--1748
\T1/ptm/m/n/12 ex-hibits sharp sub-nanosecond switch-ing spikes su-per-im-posed on sub-picoampere
 []



[52]
Overfull \hbox (7.55273pt too wide) in paragraph at lines 1751--1752
\T1/ptm/m/n/12 not be es-ti-mated from sim-ple RC de-lay mod-els be-cause the non-linear on-resistance
 []


Overfull \hbox (0.35359pt too wide) in paragraph at lines 1752--1753
[]\T1/ptm/b/n/12 Cross-Node Pre-dic-tive Scal-ing Anal-y-sis: \T1/ptm/m/n/12 Ab-stract an-a-lyt-i-cal mod-el-ing was con-
 []



[53]
Overfull \hbox (3.55765pt too wide) in paragraph at lines 1786--1787
\T1/ptm/m/n/12 diac pace-mak-ers, cochlear im-plants, neu-ral record-ing in-ter-faces), bat-tery longevity
 []



[54]

[55]

[56]

[57]
LaTeX Font Info:    Trying to load font information for T1+pcr on input line 1858.
 (c:/Users/shahrear/AppData/Roaming/glassmorphic-latex-editor/TinyTeX/TinyTeX/texmf-dist/tex/latex/psnfss/t1pcr.fd
File: t1pcr.fd 2001/06/04 font definitions for T1/pcr.
)

[58]

[59]
Chapter 5.

Overfull \hbox (7.49368pt too wide) in paragraph at lines 1910--1911
[]\T1/ptm/m/n/12 An ex-ten-sive lit-er-a-ture re-view cov-er-ing MOS-FET physics, power dis-si-pa-tion mech-
 []



[60




]
Overfull \hbox (6.21082pt too wide) in paragraph at lines 1927--1928
\T1/ptm/m/n/12 com-para-tor achieved a prop-a-ga-tion de-lay of 336.00 ps, out-per-form-ing static CMOS
 []


Overfull \hbox (1.56622pt too wide) in paragraph at lines 1928--1929
[]\T1/ptm/b/n/12 Energy Ef-fi-ciency: \T1/ptm/m/n/12 The pro-posed GDI com-para-tor achieved a Power-Delay Prod-
 []



[61]
Overfull \hbox (3.11307pt too wide) in paragraph at lines 1943--1944
[]\T1/ptm/b/n/12 Literature Bench-mark Anal-y-sis: \T1/ptm/m/n/12 De-tailed crit-i-cal anal-y-sis and quan-ti-ta-tive com-
 []


Overfull \hbox (4.2895pt too wide) in paragraph at lines 1952--1953
\T1/ptm/m/n/12 com-mon well ties, in-ter-nal GDI nodes may ex-pe-ri-ence body-effect-induced thresh-
 []



[62]

[63]

[64


]

[65]
Overfull \hbox (0.76694pt too wide) in paragraph at lines 2043--2049
\T1/pcr/m/n/12 .meas TRAN tpHL_AeqB TRIG V(A)=0.9 FALL=1 TARG V(AeqB)=0.9
 []


Overfull \hbox (0.76694pt too wide) in paragraph at lines 2043--2049
\T1/pcr/m/n/12 .meas TRAN tpLH_AeqB TRIG V(A)=0.9 RISE=1 TARG V(AeqB)=0.9
 []



[66


]

[67]
Overfull \hbox (8.0819pt too wide) in paragraph at lines 2096--2097
\T1/ptm/m/n/12 i-miza-tion, and com-put-ing time-domain con-tin-u-ous in-te-grals of in-stan-ta-neous power
 []


Overfull \hbox (0.83617pt too wide) in paragraph at lines 2097--2098
\T1/ptm/m/n/12 static cou-pling, channel-length mod-u-la-tion ($\OML/cmm/m/it/12 ^^U$\T1/ptm/m/n/12 ), ve-loc-ity sat-u-ra-tion, and non-linear
 []



[68


]
Overfull \hbox (18.91063pt too wide) in paragraph at lines 2108--2109
\T1/ptm/m/n/12 pa-tion (achiev-ing 34.18 pW) re-quires sub-micron de-vice widths ($\OML/cmm/m/it/12 W[] \OT1/cmr/m/n/12 = 360[]\OML/cmm/m/it/12 ; W[] \OT1/cmr/m/n/12 =
 []


Overfull \hbox (7.45363pt too wide) in paragraph at lines 2109--2110
[]\T1/ptm/b/n/12 Switching Sym-me-try vs. In-put Load: \T1/ptm/m/n/12 Hole mo-bil-ity in sil-i-con ($\OML/cmm/m/it/12 ^^V[] \OMS/cmsy/m/n/12 ^^Y \OT1/cmr/m/n/12 200[][]\OML/cmm/m/it/12 =[] \OMS/cmsy/m/n/12 ^^A
 []


Overfull \hbox (0.29292pt too wide) in paragraph at lines 2120--2121
[]\T1/ptm/m/n/12 High-resolution nu-mer-i-cal SPICE tran-sient in-te-gra-tion us-ing mod-i-fied trape-zoidal
 []



[69]

[70]
Overfull \hbox (2.04483pt too wide) in paragraph at lines 2145--2146
[]\T1/ptm/b/n/12 IEEE Ed-i-to-rial and Bib-li-o-graphic Stan-dards: \T1/ptm/m/n/12 Wave-form def-i-ni-tions, schematic
 []


Overfull \hbox (9.90648pt too wide) in paragraph at lines 2156--2157
[]\T1/ptm/b/n/12 Microprocessor and System-on-Chip Ar-chi-tects: \T1/ptm/m/n/12 De-mand sub-nanosecond prop-
 []



[71]

[72]
Overfull \hbox (6.24629pt too wide) in paragraph at lines 2190--2191
[]\T1/ptm/b/n/12 Technology Decks: \T1/ptm/m/n/12 Ari-zona State Uni-ver-sity Pre-dic-tive Tech-nol-ogy Model (PTM)
 []


Overfull \hbox (11.22652pt too wide) in paragraph at lines 2197--2198
\T1/ptm/b/n/12 Criterion Def-i-ni-tion: \T1/ptm/m/it/12 Re-quire res-o-lu-tion of sig-nif-i-cant in-ter-ac-tions be-tween wide-ranging
 []



[73


]
Overfull \hbox (29.18988pt too wide) in paragraph at lines 2205--2206
[]\T1/ptm/b/n/12 Combinational Logic Syn-the-sis: \T1/ptm/m/n/12 For-mu-lat-ing Boolean al-ge-braic func-tions, Karnaugh-
 []



[74]

[75]

[76


]

[77]

[78] (./main.aux)
 ***********
LaTeX2e <2025-06-01> patch level 1
L3 programming layer <2025-10-24>
 ***********
Package rerunfilecheck Info: File `main.out' has not changed.
(rerunfilecheck)             Checksum: 3A321EC039B2CCC30EC21177CD6CD46F;26394.
 ) 
Here is how much of TeX's memory you used:
 11105 strings out of 469685
 173873 string characters out of 5470537
 579690 words of memory out of 5000000
 38982 multiletter control sequences out of 15000+600000
 673254 words of font info for 95 fonts, out of 8000000 for 9000
 36 hyphenation exceptions out of 8191
 75i,14n,79p,1472b,538s stack positions out of 10000i,1000n,20000p,200000b,200000s
<c:/Users/shahrear/AppData/Roaming/glassmorphic-latex-editor/TinyTeX/TinyTeX/texmf-dist/fonts/type1/public/amsfonts/cm/cmex10.pfb><c:/Users/shahrear/AppData/Roaming/glassmorphic-latex-editor/TinyTeX/TinyTeX/texmf-dist/fonts/type1/public/amsfonts/cm/cmmi10.pfb><c:/Users/shahrear/AppData/Roaming/glassmorphic-latex-editor/TinyTeX/TinyTeX/texmf-dist/fonts/type1/public/amsfonts/cm/cmmi12.pfb><c:/Users/shahrear/AppData/Roaming/glassmorphic-latex-editor/TinyTeX/TinyTeX/texmf-dist/fonts/type1/public/amsfonts/cm/cmmi6.pfb><c:/Users/shahrear/AppData/Roaming/glassmorphic-latex-editor/TinyTeX/TinyTeX/texmf-dist/fonts/type1/public/amsfonts/cm/cmmi8.pfb><c:/Users/shahrear/AppData/Roaming/glassmorphic-latex-editor/TinyTeX/TinyTeX/texmf-dist/fonts/type1/public/amsfonts/cm/cmr10.pfb><c:/Users/shahrear/AppData/Roaming/glassmorphic-latex-editor/TinyTeX/TinyTeX/texmf-dist/fonts/type1/public/amsfonts/cm/cmr12.pfb><c:/Users/shahrear/AppData/Roaming/glassmorphic-latex-editor/TinyTeX/TinyTeX/texmf-dist/fonts/type1/public/amsfonts/cm/cmr8.pfb><c:/Users/shahrear/AppData/Roaming/glassmorphic-latex-editor/TinyTeX/TinyTeX/texmf-dist/fonts/type1/public/amsfonts/cm/cmsy10.pfb><c:/Users/shahrear/AppData/Roaming/glassmorphic-latex-editor/TinyTeX/TinyTeX/texmf-dist/fonts/type1/public/amsfonts/cm/cmsy8.pfb><c:/Users/shahrear/AppData/Roaming/glassmorphic-latex-editor/TinyTeX/TinyTeX/texmf-dist/fonts/type1/public/amsfonts/symbols/msam10.pfb><c:/Users/shahrear/AppData/Roaming/glassmorphic-latex-editor/TinyTeX/TinyTeX/texmf-dist/fonts/type1/urw/courier/ucrr8a.pfb><c:/Users/shahrear/AppData/Roaming/glassmorphic-latex-editor/TinyTeX/TinyTeX/texmf-dist/fonts/type1/urw/helvetic/uhvb8a.pfb><c:/Users/shahrear/AppData/Roaming/glassmorphic-latex-editor/TinyTeX/TinyTeX/texmf-dist/fonts/type1/urw/times/utmb8a.pfb><c:/Users/shahrear/AppData/Roaming/glassmorphic-latex-editor/TinyTeX/TinyTeX/texmf-dist/fonts/type1/urw/times/utmbi8a.pfb><c:/Users/shahrear/AppData/Roaming/glassmorphic-latex-editor/TinyTeX/TinyTeX/texmf-dist/fonts/type1/urw/times/utmr8a.pfb><c:/Users/shahrear/AppData/Roaming/glassmorphic-latex-editor/TinyTeX/TinyTeX/texmf-dist/fonts/type1/urw/times/utmri8a.pfb>
Output written on main.pdf (97 pages, 3280107 bytes).
PDF statistics:
 1430 PDF objects out of 1440 (max. 8388607)
 1269 compressed objects within 13 object streams
 410 named destinations out of 1000 (max. 500000)
 872 words of extra memory for PDF output out of 10000 (max. 10000000)

