\BOOKMARK [0][-]{chapter*.1}{\376\377\000C\000E\000R\000T\000I\000F\000I\000C\000A\000T\000E\000\040\000O\000F\000\040\000A\000P\000P\000R\000O\000V\000A\000L}{}% 1
\BOOKMARK [0][-]{chapter*.2}{\376\377\000D\000E\000C\000L\000A\000R\000A\000T\000I\000O\000N}{}% 2
\BOOKMARK [0][-]{chapter*.3}{\376\377\000D\000E\000D\000I\000C\000A\000T\000I\000O\000N}{}% 3
\BOOKMARK [0][-]{chapter*.4}{\376\377\000A\000C\000K\000N\000O\000W\000L\000E\000D\000G\000E\000M\000E\000N\000T}{}% 4
\BOOKMARK [0][-]{chapter*.5}{\376\377\000A\000B\000S\000T\000R\000A\000C\000T}{}% 5
\BOOKMARK [0][-]{chapter*.9}{\376\377\000L\000I\000S\000T\000\040\000O\000F\000\040\000A\000B\000B\000R\000E\000V\000I\000A\000T\000I\000O\000N\000S}{}% 6
\BOOKMARK [0][-]{chapter*.10}{\376\377\000L\000I\000S\000T\000\040\000O\000F\000\040\000S\000Y\000M\000B\000O\000L\000S}{}% 7
\BOOKMARK [0][-]{chapter.1}{\376\377\000I\000N\000T\000R\000O\000D\000U\000C\000T\000I\000O\000N}{}% 8
\BOOKMARK [1][-]{section.1.1}{\376\377\000B\000a\000c\000k\000g\000r\000o\000u\000n\000d\000\040\000a\000n\000d\000\040\000C\000o\000n\000t\000e\000x\000t}{chapter.1}% 9
\BOOKMARK [1][-]{section.1.2}{\376\377\000H\000i\000s\000t\000o\000r\000i\000c\000a\000l\000\040\000E\000v\000o\000l\000u\000t\000i\000o\000n\000\040\000o\000f\000\040\000S\000e\000m\000i\000c\000o\000n\000d\000u\000c\000t\000o\000r\000\040\000T\000e\000c\000h\000n\000o\000l\000o\000g\000y}{chapter.1}% 10
\BOOKMARK [1][-]{section.1.3}{\376\377\000M\000O\000S\000F\000E\000T\000\040\000D\000e\000v\000i\000c\000e\000\040\000P\000h\000y\000s\000i\000c\000s\000\040\000F\000u\000n\000d\000a\000m\000e\000n\000t\000a\000l\000s}{chapter.1}% 11
\BOOKMARK [2][-]{subsection.1.3.1}{\376\377\000M\000O\000S\000F\000E\000T\000\040\000O\000p\000e\000r\000a\000t\000i\000n\000g\000\040\000R\000e\000g\000i\000o\000n\000s}{section.1.3}% 12
\BOOKMARK [2][-]{subsection.1.3.2}{\376\377\000T\000h\000r\000e\000s\000h\000o\000l\000d\000\040\000V\000o\000l\000t\000a\000g\000e\000\040\000a\000n\000d\000\040\000B\000o\000d\000y\000\040\000E\000f\000f\000e\000c\000t}{section.1.3}% 13
\BOOKMARK [2][-]{subsection.1.3.3}{\376\377\000C\000M\000O\000S\000\040\000I\000n\000v\000e\000r\000t\000e\000r\000:\000\040\000T\000h\000e\000\040\000F\000u\000n\000d\000a\000m\000e\000n\000t\000a\000l\000\040\000L\000o\000g\000i\000c\000\040\000G\000a\000t\000e}{section.1.3}% 14
\BOOKMARK [1][-]{section.1.4}{\376\377\000N\000a\000n\000o\000s\000c\000a\000l\000e\000\040\000S\000c\000a\000l\000i\000n\000g\000\040\000L\000i\000m\000i\000t\000s\000\040\000a\000n\000d\000\040\000t\000h\000e\000\040\000L\000o\000w\000-\000P\000o\000w\000e\000r\000\040\000I\000m\000p\000e\000r\000a\000t\000i\000v\000e}{chapter.1}% 15
\BOOKMARK [1][-]{section.1.5}{\376\377\000O\000v\000e\000r\000v\000i\000e\000w\000\040\000o\000f\000\040\000V\000L\000S\000I\000\040\000D\000e\000s\000i\000g\000n\000\040\000F\000l\000o\000w}{chapter.1}% 16
\BOOKMARK [1][-]{section.1.6}{\376\377\000D\000i\000g\000i\000t\000a\000l\000\040\000C\000o\000m\000p\000a\000r\000a\000t\000o\000r\000s\000\040\000i\000n\000\040\000M\000o\000d\000e\000r\000n\000\040\000V\000L\000S\000I\000\040\000A\000r\000c\000h\000i\000t\000e\000c\000t\000u\000r\000e\000s}{chapter.1}% 17
\BOOKMARK [1][-]{section.1.7}{\376\377\000C\000o\000m\000p\000a\000r\000a\000t\000i\000v\000e\000\040\000O\000v\000e\000r\000v\000i\000e\000w\000\040\000o\000f\000\040\000D\000i\000g\000i\000t\000a\000l\000\040\000L\000o\000g\000i\000c\000\040\000D\000e\000s\000i\000g\000n\000\040\000P\000a\000r\000a\000d\000i\000g\000m\000s}{chapter.1}% 18
\BOOKMARK [2][-]{subsection.1.7.1}{\376\377\000S\000t\000a\000t\000i\000c\000\040\000C\000o\000m\000p\000l\000e\000m\000e\000n\000t\000a\000r\000y\000\040\000C\000M\000O\000S\000\040\000L\000o\000g\000i\000c\000\040\000\050\000C\000-\000C\000M\000O\000S\000\051}{section.1.7}% 19
\BOOKMARK [2][-]{subsection.1.7.2}{\376\377\000P\000a\000s\000s\000\040\000T\000r\000a\000n\000s\000i\000s\000t\000o\000r\000\040\000L\000o\000g\000i\000c\000\040\000\050\000P\000T\000L\000\051}{section.1.7}% 20
\BOOKMARK [2][-]{subsection.1.7.3}{\376\377\000T\000r\000a\000n\000s\000m\000i\000s\000s\000i\000o\000n\000\040\000G\000a\000t\000e\000\040\000L\000o\000g\000i\000c\000\040\000\050\000T\000G\000L\000\051}{section.1.7}% 21
\BOOKMARK [2][-]{subsection.1.7.4}{\376\377\000G\000a\000t\000e\000\040\000D\000i\000f\000f\000u\000s\000i\000o\000n\000\040\000I\000n\000p\000u\000t\000\040\000\050\000G\000D\000I\000\051\000\040\000T\000e\000c\000h\000n\000i\000q\000u\000e}{section.1.7}% 22
\BOOKMARK [2][-]{subsection.1.7.5}{\376\377\000S\000u\000m\000m\000a\000r\000y\000\040\000C\000o\000m\000p\000a\000r\000i\000s\000o\000n\000\040\000o\000f\000\040\000L\000o\000g\000i\000c\000\040\000S\000t\000y\000l\000e\000s}{section.1.7}% 23
\BOOKMARK [1][-]{section.1.8}{\376\377\000M\000o\000t\000i\000v\000a\000t\000i\000o\000n\000\040\000a\000n\000d\000\040\000R\000e\000s\000e\000a\000r\000c\000h\000\040\000D\000r\000i\000v\000e\000r\000s}{chapter.1}% 24
\BOOKMARK [1][-]{section.1.9}{\376\377\000P\000r\000o\000b\000l\000e\000m\000\040\000S\000t\000a\000t\000e\000m\000e\000n\000t}{chapter.1}% 25
\BOOKMARK [1][-]{section.1.10}{\376\377\000R\000e\000s\000e\000a\000r\000c\000h\000\040\000O\000b\000j\000e\000c\000t\000i\000v\000e\000s}{chapter.1}% 26
\BOOKMARK [1][-]{section.1.11}{\376\377\000R\000e\000s\000e\000a\000r\000c\000h\000\040\000M\000e\000t\000h\000o\000d\000o\000l\000o\000g\000y}{chapter.1}% 27
\BOOKMARK [1][-]{section.1.12}{\376\377\000S\000c\000o\000p\000e\000\040\000a\000n\000d\000\040\000D\000e\000l\000i\000m\000i\000t\000a\000t\000i\000o\000n\000s\000\040\000o\000f\000\040\000t\000h\000e\000\040\000S\000t\000u\000d\000y}{chapter.1}% 28
\BOOKMARK [1][-]{section.1.13}{\376\377\000T\000h\000e\000s\000i\000s\000\040\000O\000r\000g\000a\000n\000i\000z\000a\000t\000i\000o\000n}{chapter.1}% 29
\BOOKMARK [0][-]{chapter.2}{\376\377\000L\000I\000T\000E\000R\000A\000T\000U\000R\000E\000\040\000R\000E\000V\000I\000E\000W}{}% 30
\BOOKMARK [1][-]{section.2.1}{\376\377\000I\000n\000t\000r\000o\000d\000u\000c\000t\000i\000o\000n}{chapter.2}% 31
\BOOKMARK [1][-]{section.2.2}{\376\377\000F\000u\000n\000d\000a\000m\000e\000n\000t\000a\000l\000s\000\040\000o\000f\000\040\000B\000i\000n\000a\000r\000y\000\040\000M\000a\000g\000n\000i\000t\000u\000d\000e\000\040\000C\000o\000m\000p\000a\000r\000a\000t\000o\000r\000s}{chapter.2}% 32
\BOOKMARK [2][-]{subsection.2.2.1}{\376\377\000K\000a\000r\000n\000a\000u\000g\000h\000\040\000M\000a\000p\000\040\000M\000i\000n\000i\000m\000i\000z\000a\000t\000i\000o\000n}{section.2.2}% 33
\BOOKMARK [2][-]{subsection.2.2.2}{\376\377\000E\000x\000t\000e\000n\000s\000i\000o\000n\000\040\000t\000o\000\040\000M\000u\000l\000t\000i\000-\000B\000i\000t\000\040\000C\000o\000m\000p\000a\000r\000a\000t\000o\000r\000s}{section.2.2}% 34
\BOOKMARK [1][-]{section.2.3}{\376\377\000M\000O\000S\000F\000E\000T\000\040\000P\000o\000w\000e\000r\000\040\000D\000i\000s\000s\000i\000p\000a\000t\000i\000o\000n\000\040\000M\000e\000c\000h\000a\000n\000i\000s\000m\000s}{chapter.2}% 35
\BOOKMARK [2][-]{subsection.2.3.1}{\376\377\000D\000y\000n\000a\000m\000i\000c\000\040\000S\000w\000i\000t\000c\000h\000i\000n\000g\000\040\000P\000o\000w\000e\000r\000\040\000\050\000P\000d\000y\000n\000\051}{section.2.3}% 36
\BOOKMARK [2][-]{subsection.2.3.2}{\376\377\000S\000h\000o\000r\000t\000-\000C\000i\000r\000c\000u\000i\000t\000\040\000P\000o\000w\000e\000r\000\040\000\050\000P\000s\000c\000\051}{section.2.3}% 37
\BOOKMARK [2][-]{subsection.2.3.3}{\376\377\000S\000t\000a\000t\000i\000c\000\040\000L\000e\000a\000k\000a\000g\000e\000\040\000P\000o\000w\000e\000r\000\040\000\050\000P\000s\000t\000a\000t\000\051}{section.2.3}% 38
\BOOKMARK [1][-]{section.2.4}{\376\377\000A\000n\000a\000l\000y\000s\000i\000s\000\040\000o\000f\000\040\000D\000i\000g\000i\000t\000a\000l\000\040\000L\000o\000g\000i\000c\000\040\000S\000t\000y\000l\000e\000s}{chapter.2}% 39
\BOOKMARK [2][-]{subsection.2.4.1}{\376\377\000C\000o\000n\000v\000e\000n\000t\000i\000o\000n\000a\000l\000\040\000S\000t\000a\000t\000i\000c\000\040\000C\000M\000O\000S\000\040\000L\000o\000g\000i\000c}{section.2.4}% 40
\BOOKMARK [2][-]{subsection.2.4.2}{\376\377\000P\000a\000s\000s\000\040\000T\000r\000a\000n\000s\000i\000s\000t\000o\000r\000\040\000L\000o\000g\000i\000c\000\040\000\050\000P\000T\000L\000\051}{section.2.4}% 41
\BOOKMARK [2][-]{subsection.2.4.3}{\376\377\000T\000r\000a\000n\000s\000m\000i\000s\000s\000i\000o\000n\000\040\000G\000a\000t\000e\000\040\000L\000o\000g\000i\000c\000\040\000\050\000T\000G\000L\000\051}{section.2.4}% 42
\BOOKMARK [2][-]{subsection.2.4.4}{\376\377\000G\000a\000t\000e\000\040\000D\000i\000f\000f\000u\000s\000i\000o\000n\000\040\000I\000n\000p\000u\000t\000\040\000\050\000G\000D\000I\000\051\000\040\000T\000e\000c\000h\000n\000i\000q\000u\000e}{section.2.4}% 43
\BOOKMARK [1][-]{section.2.5}{\376\377\000C\000M\000O\000S\000\040\000T\000e\000c\000h\000n\000o\000l\000o\000g\000y\000\040\000S\000c\000a\000l\000i\000n\000g\000\040\000R\000o\000a\000d\000m\000a\000p}{chapter.2}% 44
\BOOKMARK [1][-]{section.2.6}{\376\377\000D\000e\000t\000a\000i\000l\000e\000d\000\040\000R\000e\000v\000i\000e\000w\000\040\000o\000f\000\040\000K\000e\000y\000\040\000P\000r\000i\000o\000r\000\040\000W\000o\000r\000k\000s}{chapter.2}% 45
\BOOKMARK [2][-]{subsection.2.6.1}{\376\377\000W\000o\000r\000k\000\040\0001\000:\000\040\000K\000u\000m\000a\000r\000\040\000a\000n\000d\000\040\000K\000u\000m\000a\000r\000\040\000\050\0002\0000\0001\0007\000\051\000\040\040\023\000\040\000C\000M\000O\000S\000\040\000S\000t\000a\000c\000k\000i\000n\000g\000\040\000T\000e\000c\000h\000n\000i\000q\000u\000e}{section.2.6}% 46
\BOOKMARK [2][-]{subsection.2.6.2}{\376\377\000W\000o\000r\000k\000\040\0002\000:\000\040\000T\000a\000i\000l\000o\000r\000,\000\040\000S\000h\000a\000r\000m\000a\000,\000\040\000a\000n\000d\000\040\000K\000u\000m\000a\000r\000\040\000\050\0002\0000\0001\0009\000\051\000\040\040\023\000\040\000M\000T\000C\000M\000O\000S\000\040\000a\000n\000d\000\040\000F\000o\000r\000c\000e\000d\000\040\000S\000t\000a\000c\000k\000i\000n\000g}{section.2.6}% 47
\BOOKMARK [2][-]{subsection.2.6.3}{\376\377\000W\000o\000r\000k\000\040\0003\000:\000\040\000L\000u\000b\000a\000b\000a\000,\000\040\000I\000s\000l\000a\000m\000,\000\040\000F\000a\000i\000s\000a\000l\000,\000\040\000a\000n\000d\000\040\000H\000a\000s\000a\000n\000\040\000\050\0002\0000\0002\0000\000\051\000\040\040\023\000\040\000H\000y\000b\000r\000i\000d\000\040\000P\000T\000L\000-\000T\000G\000-\000C\000M\000O\000S\000\040\000C\000o\000m\000p\000a\000r\000a\000t\000o\000r}{section.2.6}% 48
\BOOKMARK [2][-]{subsection.2.6.4}{\376\377\000W\000o\000r\000k\000\040\0004\000:\000\040\000S\000h\000a\000r\000m\000a\000,\000\040\000P\000r\000e\000m\000a\000n\000a\000n\000d\000a\000,\000\040\000R\000a\000j\000,\000\040\000a\000n\000d\000\040\000P\000a\000n\000d\000e\000y\000\040\000\050\0002\0000\0002\0005\000\051\000\040\040\023\000\040\000H\000y\000b\000r\000i\000d\000\040\000P\000T\000L\000-\000G\000D\000I\000-\000T\000G\000L\000\040\000C\000o\000m\000p\000a\000r\000a\000t\000o\000r}{section.2.6}% 49
\BOOKMARK [1][-]{section.2.7}{\376\377\000C\000o\000m\000p\000a\000r\000a\000t\000i\000v\000e\000\040\000L\000i\000t\000e\000r\000a\000t\000u\000r\000e\000\040\000S\000u\000m\000m\000a\000r\000y}{chapter.2}% 50
\BOOKMARK [1][-]{section.2.8}{\376\377\000R\000e\000s\000e\000a\000r\000c\000h\000\040\000G\000a\000p\000\040\000A\000n\000a\000l\000y\000s\000i\000s}{chapter.2}% 51
\BOOKMARK [0][-]{chapter.3}{\376\377\000M\000E\000T\000H\000O\000D\000O\000L\000O\000G\000Y}{}% 52
\BOOKMARK [1][-]{section.3.1}{\376\377\000I\000n\000t\000r\000o\000d\000u\000c\000t\000i\000o\000n}{chapter.3}% 53
\BOOKMARK [1][-]{section.3.2}{\376\377\000R\000e\000s\000e\000a\000r\000c\000h\000\040\000W\000o\000r\000k\000f\000l\000o\000w\000\040\000a\000n\000d\000\040\000E\000x\000e\000c\000u\000t\000i\000o\000n\000\040\000P\000h\000a\000s\000e\000s}{chapter.3}% 54
\BOOKMARK [1][-]{section.3.3}{\376\377\000S\000y\000s\000t\000e\000m\000\040\000S\000p\000e\000c\000i\000f\000i\000c\000a\000t\000i\000o\000n\000s}{chapter.3}% 55
\BOOKMARK [1][-]{section.3.4}{\376\377\000L\000T\000S\000p\000i\000c\000e\000\040\000S\000i\000m\000u\000l\000a\000t\000i\000o\000n\000\040\000E\000n\000v\000i\000r\000o\000n\000m\000e\000n\000t}{chapter.3}% 56
\BOOKMARK [1][-]{section.3.5}{\376\377\000P\000r\000e\000d\000i\000c\000t\000i\000v\000e\000\040\000T\000e\000c\000h\000n\000o\000l\000o\000g\000y\000\040\000M\000o\000d\000e\000l\000\040\000\050\000P\000T\000M\000\051}{chapter.3}% 57
\BOOKMARK [1][-]{section.3.6}{\376\377\000C\000o\000m\000p\000a\000r\000a\000t\000o\000r\000\040\000A\000r\000c\000h\000i\000t\000e\000c\000t\000u\000r\000e\000\040\000a\000n\000d\000\040\000B\000o\000o\000l\000e\000a\000n\000\040\000D\000e\000r\000i\000v\000a\000t\000i\000o\000n}{chapter.3}% 58
\BOOKMARK [2][-]{subsection.3.6.1}{\376\377\000M\000a\000p\000p\000i\000n\000g\000\040\000B\000o\000o\000l\000e\000a\000n\000\040\000F\000u\000n\000c\000t\000i\000o\000n\000s\000\040\000t\000o\000\040\000G\000D\000I\000\040\000C\000e\000l\000l\000s}{section.3.6}% 59
\BOOKMARK [1][-]{section.3.7}{\376\377\000T\000r\000a\000n\000s\000i\000s\000t\000o\000r\000-\000L\000e\000v\000e\000l\000\040\000C\000i\000r\000c\000u\000i\000t\000\040\000I\000m\000p\000l\000e\000m\000e\000n\000t\000a\000t\000i\000o\000n\000s}{chapter.3}% 60
\BOOKMARK [2][-]{subsection.3.7.1}{\376\377\000P\000r\000o\000p\000o\000s\000e\000d\000\040\0001\0000\000-\000T\000r\000a\000n\000s\000i\000s\000t\000o\000r\000\040\000G\000D\000I\000\040\000C\000o\000m\000p\000a\000r\000a\000t\000o\000r}{section.3.7}% 61
\BOOKMARK [2][-]{subsection.3.7.2}{\376\377\000C\000o\000n\000v\000e\000n\000t\000i\000o\000n\000a\000l\000\040\000S\000t\000a\000t\000i\000c\000\040\000C\000M\000O\000S\000\040\000C\000o\000m\000p\000a\000r\000a\000t\000o\000r\000\040\000\050\0003\0002\000\040\000T\000r\000a\000n\000s\000i\000s\000t\000o\000r\000s\000\051}{section.3.7}% 62
\BOOKMARK [2][-]{subsection.3.7.3}{\376\377\000P\000a\000s\000s\000\040\000T\000r\000a\000n\000s\000i\000s\000t\000o\000r\000\040\000L\000o\000g\000i\000c\000\040\000\050\000P\000T\000L\000\051\000\040\000C\000o\000m\000p\000a\000r\000a\000t\000o\000r\000\040\000\050\0001\0000\000\040\000T\000r\000a\000n\000s\000i\000s\000t\000o\000r\000s\000\051}{section.3.7}% 63
\BOOKMARK [2][-]{subsection.3.7.4}{\376\377\000T\000r\000a\000n\000s\000m\000i\000s\000s\000i\000o\000n\000\040\000G\000a\000t\000e\000\040\000L\000o\000g\000i\000c\000\040\000\050\000T\000G\000L\000\051\000\040\000C\000o\000m\000p\000a\000r\000a\000t\000o\000r\000\040\000\050\0001\0006\000\040\000T\000r\000a\000n\000s\000i\000s\000t\000o\000r\000s\000\051}{section.3.7}% 64
\BOOKMARK [1][-]{section.3.8}{\376\377\000T\000r\000a\000n\000s\000i\000s\000t\000o\000r\000\040\000S\000i\000z\000i\000n\000g\000\040\000a\000n\000d\000\040\000C\000h\000a\000n\000n\000e\000l\000\040\000G\000e\000o\000m\000e\000t\000r\000y}{chapter.3}% 65
\BOOKMARK [1][-]{section.3.9}{\376\377\000S\000i\000m\000u\000l\000a\000t\000i\000o\000n\000\040\000T\000e\000s\000t\000b\000e\000n\000c\000h\000\040\000a\000n\000d\000\040\000M\000e\000a\000s\000u\000r\000e\000m\000e\000n\000t\000\040\000M\000e\000t\000h\000o\000d\000o\000l\000o\000g\000y}{chapter.3}% 66
\BOOKMARK [2][-]{subsection.3.9.1}{\376\377\000I\000n\000p\000u\000t\000\040\000S\000i\000g\000n\000a\000l\000\040\000C\000o\000n\000f\000i\000g\000u\000r\000a\000t\000i\000o\000n}{section.3.9}% 67
\BOOKMARK [2][-]{subsection.3.9.2}{\376\377\000P\000r\000o\000p\000a\000g\000a\000t\000i\000o\000n\000\040\000D\000e\000l\000a\000y\000\040\000M\000e\000a\000s\000u\000r\000e\000m\000e\000n\000t}{section.3.9}% 68
\BOOKMARK [2][-]{subsection.3.9.3}{\376\377\000A\000v\000e\000r\000a\000g\000e\000\040\000P\000o\000w\000e\000r\000\040\000a\000n\000d\000\040\000P\000D\000P\000\040\000C\000o\000m\000p\000u\000t\000a\000t\000i\000o\000n}{section.3.9}% 69
\BOOKMARK [2][-]{subsection.3.9.4}{\376\377\000S\000i\000m\000u\000l\000a\000t\000i\000o\000n\000\040\000A\000c\000c\000u\000r\000a\000c\000y\000\040\000a\000n\000d\000\040\000C\000o\000n\000v\000e\000r\000g\000e\000n\000c\000e\000\040\000S\000e\000t\000t\000i\000n\000g\000s}{section.3.9}% 70
\BOOKMARK [0][-]{chapter.4}{\376\377\000R\000E\000S\000U\000L\000T\000S\000\040\000A\000N\000D\000\040\000D\000I\000S\000C\000U\000S\000S\000I\000O\000N}{}% 71
\BOOKMARK [1][-]{section.4.1}{\376\377\000I\000n\000t\000r\000o\000d\000u\000c\000t\000i\000o\000n}{chapter.4}% 72
\BOOKMARK [1][-]{section.4.2}{\376\377\000F\000u\000n\000c\000t\000i\000o\000n\000a\000l\000\040\000W\000a\000v\000e\000f\000o\000r\000m\000\040\000V\000e\000r\000i\000f\000i\000c\000a\000t\000i\000o\000n}{chapter.4}% 73
\BOOKMARK [2][-]{subsection.4.2.1}{\376\377\000V\000e\000r\000i\000f\000i\000c\000a\000t\000i\000o\000n\000\040\000S\000u\000m\000m\000a\000r\000y}{section.4.2}% 74
\BOOKMARK [1][-]{section.4.3}{\376\377\000D\000e\000t\000a\000i\000l\000e\000d\000\040\000P\000e\000r\000f\000o\000r\000m\000a\000n\000c\000e\000\040\000A\000n\000a\000l\000y\000s\000i\000s\000\040\000o\000f\000\040\000t\000h\000e\000\040\000P\000r\000o\000p\000o\000s\000e\000d\000\040\000G\000D\000I\000\040\000C\000o\000m\000p\000a\000r\000a\000t\000o\000r}{chapter.4}% 75
\BOOKMARK [2][-]{subsection.4.3.1}{\376\377\000A\000n\000a\000l\000y\000s\000i\000s\000\040\000o\000f\000\040\000S\000w\000i\000t\000c\000h\000i\000n\000g\000\040\000A\000s\000y\000m\000m\000e\000t\000r\000y}{section.4.3}% 76
\BOOKMARK [1][-]{section.4.4}{\376\377\000P\000e\000r\000f\000o\000r\000m\000a\000n\000c\000e\000\040\000C\000h\000a\000r\000a\000c\000t\000e\000r\000i\000z\000a\000t\000i\000o\000n\000\040\000o\000f\000\040\000B\000e\000n\000c\000h\000m\000a\000r\000k\000\040\000C\000o\000m\000p\000a\000r\000a\000t\000o\000r\000s}{chapter.4}% 77
\BOOKMARK [2][-]{subsection.4.4.1}{\376\377\000S\000t\000a\000t\000i\000c\000\040\000C\000M\000O\000S\000\040\000C\000o\000m\000p\000a\000r\000a\000t\000o\000r\000\040\000\050\0003\0002\000\040\000T\000r\000a\000n\000s\000i\000s\000t\000o\000r\000s\000\051}{section.4.4}% 78
\BOOKMARK [2][-]{subsection.4.4.2}{\376\377\000T\000r\000a\000n\000s\000m\000i\000s\000s\000i\000o\000n\000\040\000G\000a\000t\000e\000\040\000L\000o\000g\000i\000c\000\040\000C\000o\000m\000p\000a\000r\000a\000t\000o\000r\000\040\000\050\0001\0006\000\040\000T\000r\000a\000n\000s\000i\000s\000t\000o\000r\000s\000\051}{section.4.4}% 79
\BOOKMARK [2][-]{subsection.4.4.3}{\376\377\000P\000a\000s\000s\000\040\000T\000r\000a\000n\000s\000i\000s\000t\000o\000r\000\040\000L\000o\000g\000i\000c\000\040\000C\000o\000m\000p\000a\000r\000a\000t\000o\000r\000\040\000\050\0001\0000\000\040\000T\000r\000a\000n\000s\000i\000s\000t\000o\000r\000s\000\051}{section.4.4}% 80
\BOOKMARK [1][-]{section.4.5}{\376\377\000C\000o\000m\000p\000r\000e\000h\000e\000n\000s\000i\000v\000e\000\040\000C\000o\000m\000p\000a\000r\000a\000t\000i\000v\000e\000\040\000P\000e\000r\000f\000o\000r\000m\000a\000n\000c\000e\000\040\000E\000v\000a\000l\000u\000a\000t\000i\000o\000n}{chapter.4}% 81
\BOOKMARK [2][-]{subsection.4.5.1}{\376\377\000P\000o\000w\000e\000r\000\040\000D\000i\000s\000s\000i\000p\000a\000t\000i\000o\000n\000\040\000A\000n\000a\000l\000y\000s\000i\000s}{section.4.5}% 82
\BOOKMARK [2][-]{subsection.4.5.2}{\376\377\000P\000r\000o\000p\000a\000g\000a\000t\000i\000o\000n\000\040\000D\000e\000l\000a\000y\000\040\000A\000n\000a\000l\000y\000s\000i\000s}{section.4.5}% 83
\BOOKMARK [1][-]{section.4.6}{\376\377\000C\000o\000m\000p\000a\000r\000i\000s\000o\000n\000\040\000w\000i\000t\000h\000\040\000B\000e\000n\000c\000h\000m\000a\000r\000k\000\040\000L\000i\000t\000e\000r\000a\000t\000u\000r\000e}{chapter.4}% 84
\BOOKMARK [2][-]{subsection.4.6.1}{\376\377\000D\000e\000t\000a\000i\000l\000e\000d\000\040\000L\000i\000t\000e\000r\000a\000t\000u\000r\000e\000\040\000C\000o\000m\000p\000a\000r\000i\000s\000o\000n\000\040\000A\000n\000a\000l\000y\000s\000i\000s}{section.4.6}% 85
\BOOKMARK [1][-]{section.4.7}{\376\377\000T\000e\000c\000h\000n\000o\000l\000o\000g\000y\000\040\000N\000o\000d\000e\000\040\000S\000c\000a\000l\000i\000n\000g\000\040\000E\000v\000a\000l\000u\000a\000t\000i\000o\000n}{chapter.4}% 86
\BOOKMARK [2][-]{subsection.4.7.1}{\376\377\000S\000c\000a\000l\000i\000n\000g\000\040\000T\000r\000e\000n\000d\000\040\000A\000n\000a\000l\000y\000s\000i\000s}{section.4.7}% 87
\BOOKMARK [1][-]{section.4.8}{\376\377\000A\000s\000s\000e\000s\000s\000\040\000I\000s\000s\000u\000e\000s\000:\000\040\000S\000o\000c\000i\000e\000t\000a\000l\000,\000\040\000H\000e\000a\000l\000t\000h\000,\000\040\000L\000e\000g\000a\000l\000,\000\040\000a\000n\000d\000\040\000C\000u\000l\000t\000u\000r\000a\000l}{chapter.4}% 88
\BOOKMARK [2][-]{subsection.4.8.1}{\376\377\000S\000o\000c\000i\000e\000t\000a\000l\000\040\000I\000m\000p\000a\000c\000t}{section.4.8}% 89
\BOOKMARK [2][-]{subsection.4.8.2}{\376\377\000H\000e\000a\000l\000t\000h\000\040\000a\000n\000d\000\040\000S\000a\000f\000e\000t\000y\000\040\000C\000o\000n\000s\000i\000d\000e\000r\000a\000t\000i\000o\000n\000s}{section.4.8}% 90
\BOOKMARK [2][-]{subsection.4.8.3}{\376\377\000L\000e\000g\000a\000l\000\040\000a\000n\000d\000\040\000R\000e\000g\000u\000l\000a\000t\000o\000r\000y\000\040\000C\000o\000m\000p\000l\000i\000a\000n\000c\000e}{section.4.8}% 91
\BOOKMARK [2][-]{subsection.4.8.4}{\376\377\000C\000u\000l\000t\000u\000r\000a\000l\000\040\000a\000n\000d\000\040\000E\000d\000u\000c\000a\000t\000i\000o\000n\000a\000l\000\040\000A\000c\000c\000e\000s\000s\000i\000b\000i\000l\000i\000t\000y}{section.4.8}% 92
\BOOKMARK [1][-]{section.4.9}{\376\377\000S\000u\000s\000t\000a\000i\000n\000a\000b\000i\000l\000i\000t\000y\000,\000\040\000E\000n\000v\000i\000r\000o\000n\000m\000e\000n\000t\000a\000l\000,\000\040\000a\000n\000d\000\040\000L\000i\000f\000e\000c\000y\000c\000l\000e\000\040\000I\000m\000p\000a\000c\000t\000s}{chapter.4}% 93
\BOOKMARK [2][-]{subsection.4.9.1}{\376\377\000E\000n\000e\000r\000g\000y\000\040\000C\000o\000n\000s\000u\000m\000p\000t\000i\000o\000n\000\040\000a\000n\000d\000\040\000C\000a\000r\000b\000o\000n\000\040\000F\000o\000o\000t\000p\000r\000i\000n\000t}{section.4.9}% 94
\BOOKMARK [2][-]{subsection.4.9.2}{\376\377\000S\000i\000l\000i\000c\000o\000n\000\040\000A\000r\000e\000a\000\040\000a\000n\000d\000\040\000E\000-\000W\000a\000s\000t\000e\000\040\000R\000e\000d\000u\000c\000t\000i\000o\000n}{section.4.9}% 95
\BOOKMARK [2][-]{subsection.4.9.3}{\376\377\000E\000x\000t\000e\000n\000d\000e\000d\000\040\000D\000e\000v\000i\000c\000e\000\040\000O\000p\000e\000r\000a\000t\000i\000o\000n\000a\000l\000\040\000L\000i\000f\000e\000t\000i\000m\000e}{section.4.9}% 96
\BOOKMARK [2][-]{subsection.4.9.4}{\376\377\000C\000o\000n\000t\000r\000i\000b\000u\000t\000i\000o\000n\000\040\000t\000o\000\040\000S\000u\000s\000t\000a\000i\000n\000a\000b\000l\000e\000\040\000D\000e\000v\000e\000l\000o\000p\000m\000e\000n\000t\000\040\000G\000o\000a\000l\000s}{section.4.9}% 97
\BOOKMARK [0][-]{chapter.5}{\376\377\000C\000O\000N\000C\000L\000U\000S\000I\000O\000N\000S\000\040\000A\000N\000D\000\040\000F\000U\000T\000U\000R\000E\000\040\000W\000O\000R\000K}{}% 98
\BOOKMARK [1][-]{section.5.1}{\376\377\000S\000u\000m\000m\000a\000r\000y\000\040\000o\000f\000\040\000R\000e\000s\000e\000a\000r\000c\000h}{chapter.5}% 99
\BOOKMARK [1][-]{section.5.2}{\376\377\000C\000o\000n\000c\000l\000u\000s\000i\000o\000n\000s}{chapter.5}% 100
\BOOKMARK [1][-]{section.5.3}{\376\377\000C\000o\000n\000t\000r\000i\000b\000u\000t\000i\000o\000n\000s\000\040\000o\000f\000\040\000T\000h\000i\000s\000\040\000T\000h\000e\000s\000i\000s}{chapter.5}% 101
\BOOKMARK [1][-]{section.5.4}{\376\377\000L\000i\000m\000i\000t\000a\000t\000i\000o\000n\000s\000\040\000o\000f\000\040\000t\000h\000e\000\040\000C\000u\000r\000r\000e\000n\000t\000\040\000S\000t\000u\000d\000y}{chapter.5}% 102
\BOOKMARK [1][-]{section.5.5}{\376\377\000R\000e\000c\000o\000m\000m\000e\000n\000d\000a\000t\000i\000o\000n\000s\000\040\000f\000o\000r\000\040\000F\000u\000t\000u\000r\000e\000\040\000W\000o\000r\000k}{chapter.5}% 103
\BOOKMARK [0][-]{chapter*.11}{\376\377\000R\000E\000F\000E\000R\000E\000N\000C\000E\000S}{}% 104
\BOOKMARK [0][-]{chapter*.12}{\376\377\000A\000P\000P\000E\000N\000D\000I\000X\000\040\000A\000:\000\040\000S\000I\000M\000U\000L\000A\000T\000I\000O\000N\000\040\000C\000O\000N\000F\000I\000G\000U\000R\000A\000T\000I\000O\000N}{}% 105
\BOOKMARK [0][-]{chapter*.13}{\376\377\000A\000P\000P\000E\000N\000D\000I\000X\000\040\000B\000:\000\040\000C\000O\000M\000P\000L\000E\000X\000\040\000E\000N\000G\000I\000N\000E\000E\000R\000I\000N\000G\000\040\000P\000R\000O\000B\000L\000E\000M\000\040\000A\000T\000T\000R\000I\000B\000U\000T\000E\000S}{}% 106
\BOOKMARK [0][-]{chapter*.14}{\376\377\000A\000P\000P\000E\000N\000D\000I\000X\000\040\000C\000:\000\040\000C\000O\000M\000P\000L\000E\000X\000\040\000E\000N\000G\000I\000N\000E\000E\000R\000I\000N\000G\000\040\000A\000C\000T\000I\000V\000I\000T\000I\000E\000S}{}% 107
\BOOKMARK [0][-]{chapter*.15}{\376\377\000A\000P\000P\000E\000N\000D\000I\000X\000\040\000D\000:\000\040\000M\000A\000T\000H\000E\000M\000A\000T\000I\000C\000A\000L\000\040\000M\000O\000D\000E\000L\000S}{}% 108
